{
    "call_type": "CALL",
    "calldata": ["0x0"],
    "caller_address": "0x0",
    "class_hash": "0x2216379233d6f7c8890a730e164e069dafdd63edf0f0218dde8181b50fabd45",
    "contract_address": "0x7f50463b43a30d3a60c004ab70bbf70f8ea2d16dbf802c952e94c8ef18646b2",
    "entry_point_type": "CONSTRUCTOR",
    "events": [],
    "execution_resources": {
        "builtin_instance_counter": {},
        "n_memory_holes": 0,
        "n_steps": 40
    },
    "internal_calls": [],
    "messages": [],
    "result": [],
    "selector": "0x28ffe4ff0f226a9107253e17a904099aa4f63a02a5621de0576e5aa71bc5194"
}
