{
    "events": [
        {
            "data": [
                "0x0",
                "0xa"
            ],
            "from_address": "0x6c9b52d3297d731eaea82dbfa4d20424855d498b8594b9442a1d4d5d995a5bd",
            "keys": [
                "0x3db3da4221c078e78bd987e54e1cc24570d89a7002cefa33e548d6c72c73f9d"
            ]
        },
        {
            "data": [
                "0x347be35996a21f6bf0623e75dbce52baba918ad5ae8d83b6f416045ab22961a",
                "0xbebe7dec64b911aeffecc184afcefa6470e3b3652a1605e42d643e1ea9093d",
                "0x15254ffdb4000",
                "0x0"
            ],
            "from_address": "0x49d36570d4e46f48e99674bd3fcc84644ddd6b96f7c741b1562b82f9e004dc7",
            "keys": [
                "0x99cd8bde557814842a3121e8ddfd433a539b8c9f14bf31ebf108d12e6196e9"
            ]
        }
    ]
}
