{
    "actual_fee": "0x152266eed7000",
    "block_hash": "0x2",
    "block_number": 2,
    "events": [
        {
            "data": [
                "0x347be35996a21f6bf0623e75dbce52baba918ad5ae8d83b6f416045ab22961a",
                "0xbebe7dec64b911aeffecc184afcefa6470e3b3652a1605e42d643e1ea9093d",
                "0x152266eed7000",
                "0x0"
            ],
            "from_address": "0x49d36570d4e46f48e99674bd3fcc84644ddd6b96f7c741b1562b82f9e004dc7",
            "keys": [
                "0x99cd8bde557814842a3121e8ddfd433a539b8c9f14bf31ebf108d12e6196e9"
            ]
        }
    ],
    "execution_resources": {
        "builtin_instance_counter": {
            "range_check_builtin": 7
        },
        "n_memory_holes": 11,
        "n_steps": 269
    },
    "l2_to_l1_messages": [],
    "status": "ACCEPTED_ON_L2",
    "transaction_hash": "0x0032ff8b9c26706c5dfdaca49231f6b642fbe540235ec60d87cc1d92a186bdea",
    "transaction_index": 0
}
